     VMA      LMA     Size Align Out     In      Symbol
       0        0        0     1 _min_stack_size = 8K
10000000 10000000      110   512 .vector_table
10000000 10000000      110     4         /Users/robinonsay/rust/rustos/target/thumbv8m.main-none-eabihf/release/deps/pico2-91c115bd9d49a97b.pico2.8f9f08681301f0bf-cgu.0.rcgu.o:(.vector_table)
10000000 10000000      110     1                 pico2::VECTOR_TABLE
10000110 10000110        0     1         . = ALIGN(4)
10000110 10000110       14     4 .boot_info
10000110 10000110       14     4         /Users/robinonsay/rust/rustos/target/thumbv8m.main-none-eabihf/release/deps/pico2-91c115bd9d49a97b.pico2.8f9f08681301f0bf-cgu.0.rcgu.o:(.boot_info)
10000110 10000110       14     1                 pico2::BOOT_INFO
10000124 10000124        0     1         . = ALIGN(4)
10000124 10000124      44c     2 .text
10000124 10000124        6     2         /Users/robinonsay/rust/rustos/target/thumbv8m.main-none-eabihf/release/deps/pico2-91c115bd9d49a97b.pico2.8f9f08681301f0bf-cgu.0.rcgu.o:(.text.DefaultHandler)
10000124 10000124        0     1                 $t
10000125 10000125        6     1                 DefaultHandler
10000125 10000125        6     1                 OnHardFault
1000012a 1000012a       66     2         /Users/robinonsay/rust/rustos/target/thumbv8m.main-none-eabihf/release/deps/pico2-91c115bd9d49a97b.pico2.8f9f08681301f0bf-cgu.0.rcgu.o:(.text.OnReset)
1000012a 1000012a        0     1                 $t
1000012b 1000012b       66     1                 OnReset
10000190 10000190       ae     2         /Users/robinonsay/.rustup/toolchains/stable-aarch64-apple-darwin/lib/rustlib/thumbv8m.main-none-eabihf/lib/libcompiler_builtins-7bce56505f694de9.rlib(compiler_builtins-7bce56505f694de9.compiler_builtins.cf3d97d767db3a0c-cgu.201.rcgu.o):(.text.__aeabi_memclr4)
10000190 10000190        0     1                 $t
10000191 10000191       ae     1                 __aeabi_memclr4
1000023e 1000023e       9c     2         /Users/robinonsay/.rustup/toolchains/stable-aarch64-apple-darwin/lib/rustlib/thumbv8m.main-none-eabihf/lib/libcompiler_builtins-7bce56505f694de9.rlib(compiler_builtins-7bce56505f694de9.compiler_builtins.cf3d97d767db3a0c-cgu.225.rcgu.o):(.text.__aeabi_memcpy4)
1000023e 1000023e        0     1                 $t
1000023f 1000023f       9c     1                 __aeabi_memcpy4
100002da 100002da      296     2         /Users/robinonsay/.rustup/toolchains/stable-aarch64-apple-darwin/lib/rustlib/thumbv8m.main-none-eabihf/lib/libcompiler_builtins-7bce56505f694de9.rlib(compiler_builtins-7bce56505f694de9.compiler_builtins.cf3d97d767db3a0c-cgu.013.rcgu.o):(.text._RNvNtCshN8u14CARpE_17compiler_builtins3mem6memcpy)
100002da 100002da        0     1                 $t
100002db 100002db      296     1                 compiler_builtins::mem::memcpy
10000570 10000570        0     1         . = ALIGN(4)
10000570 10000570        0     1 .rodata
10000570 10000570        0     1         . = ALIGN(4)
20000000 10000570        4     4 .data
20000000 10000570        0     1         __sdata = .
20000000 10000570        4     4         /Users/robinonsay/rust/rustos/target/thumbv8m.main-none-eabihf/release/deps/pico2-91c115bd9d49a97b.pico2.8f9f08681301f0bf-cgu.0.rcgu.o:(.data.DATA_TEST)
20000000 10000570        4     1                 DATA_TEST
20000004 10000574        0     1         . = ALIGN(4)
20000004 10000574        0     1         __edata = .
20000004 10000574        0     1 __sidata = LOADADDR(.data)
20000004 20000004       10     4 .bss
20000004 20000004        0     1         __sbss = .
20000004 20000004       10     4         /Users/robinonsay/rust/rustos/target/thumbv8m.main-none-eabihf/release/deps/pico2-91c115bd9d49a97b.pico2.8f9f08681301f0bf-cgu.0.rcgu.o:(.bss.BSS_TEST)
20000004 20000004       10     1                 BSS_TEST
20000014 20000014        0     1         . = ALIGN(4)
20000014 20000014        0     1         __ebss = .
20000018 20000018     2000     8 .stack
20000018 20000018     2000     1         . = . + _min_stack_size
20002018 20002018        0     1 _stack_top = ORIGIN(RAM) + LENGTH(RAM)
20002018 20002018        0     1 
20002018 20002018        0     1 
20002018 20002018        0     1 
20002018 20002018        0     1 
20002018 20002018        0     1 
       0        0       99     1 .comment
       0        0       99     1         <internal>:(.comment)
       0        0       3a     1 .ARM.attributes
       0        0       3a     1         /Users/robinonsay/rust/rustos/target/thumbv8m.main-none-eabihf/release/deps/pico2-91c115bd9d49a97b.pico2.8f9f08681301f0bf-cgu.0.rcgu.o:(.ARM.attributes)
       0        0      1b0     4 .symtab
       0        0      1b0     4         <internal>:(.symtab)
       0        0       6d     1 .shstrtab
       0        0       6d     1         <internal>:(.shstrtab)
       0        0      1c3     1 .strtab
       0        0      1c3     1         <internal>:(.strtab)
