     VMA      LMA     Size Align Out     In      Symbol
       0        0        0     1 _min_stack_size = 8K
10000000 10000000      110   512 .vector_table
10000000 10000000      110     4         /Users/robinonsay/rust/rustos/target/thumbv8m.main-none-eabihf/debug/deps/pico2-86b29d2516d57d74.2gmh8k3es22y57d57r433mrw7.05er2an.rcgu.o:(.vector_table)
10000000 10000000      110     1                 pico2::VECTOR_TABLE
10000110 10000110        0     1         . = ALIGN(4)
10000110 10000110       14     4 .boot_info
10000110 10000110       14     4         /Users/robinonsay/rust/rustos/target/thumbv8m.main-none-eabihf/debug/deps/pico2-86b29d2516d57d74.2gmh8k3es22y57d57r433mrw7.05er2an.rcgu.o:(.boot_info)
10000110 10000110       14     1                 pico2::BOOT_INFO
10000124 10000124        0     1         . = ALIGN(4)
10000124 10000124      85c     2 .text
10000124 10000124        8     2         /Users/robinonsay/rust/rustos/target/thumbv8m.main-none-eabihf/debug/deps/pico2-86b29d2516d57d74.2gmh8k3es22y57d57r433mrw7.05er2an.rcgu.o:(.text.DefaultHandler)
10000124 10000124        0     1                 $t
10000125 10000125        8     1                 DefaultHandler
1000012c 1000012c        8     2         /Users/robinonsay/rust/rustos/target/thumbv8m.main-none-eabihf/debug/deps/pico2-86b29d2516d57d74.2gmh8k3es22y57d57r433mrw7.05er2an.rcgu.o:(.text.OnHardFault)
1000012c 1000012c        0     1                 $t
1000012d 1000012d        8     1                 OnHardFault
10000134 10000134       18     2         /Users/robinonsay/rust/rustos/target/thumbv8m.main-none-eabihf/debug/deps/pico2-86b29d2516d57d74.2gmh8k3es22y57d57r433mrw7.05er2an.rcgu.o:(.text.OnReset)
10000134 10000134        0     1                 $t
10000135 10000135       18     1                 OnReset
1000014c 1000014c       56     2         /Users/robinonsay/rust/rustos/target/thumbv8m.main-none-eabihf/debug/deps/pico2-86b29d2516d57d74.2gmh8k3es22y57d57r433mrw7.05er2an.rcgu.o:(.text._RNvCs1opqryBqG0Y_5pico210enable_fpuB1_)
1000014c 1000014c        0     1                 $t
1000014d 1000014d       56     1                 pico2::enable_fpu
100001a2 100001a2       8a     2         /Users/robinonsay/rust/rustos/target/thumbv8m.main-none-eabihf/debug/deps/pico2-86b29d2516d57d74.2gmh8k3es22y57d57r433mrw7.05er2an.rcgu.o:(.text._RNvCs1opqryBqG0Y_5pico210reset_dataB1_)
100001a2 100001a2        0     1                 $t
100001a3 100001a3       8a     1                 pico2::reset_data
1000022c 1000022c       3e     2         /Users/robinonsay/rust/rustos/target/thumbv8m.main-none-eabihf/debug/deps/pico2-86b29d2516d57d74.2gmh8k3es22y57d57r433mrw7.05er2an.rcgu.o:(.text._RNvCs1opqryBqG0Y_5pico210reset_vtorB1_)
1000022c 1000022c        0     1                 $t
1000022d 1000022d       3e     1                 pico2::reset_vtor
1000026a 1000026a        8     2         /Users/robinonsay/rust/rustos/target/thumbv8m.main-none-eabihf/debug/deps/pico2-86b29d2516d57d74.2gmh8k3es22y57d57r433mrw7.05er2an.rcgu.o:(.text._RNvCs1opqryBqG0Y_5pico24main)
1000026a 1000026a        0     1                 $t
1000026b 1000026b        8     1                 pico2::main
10000272 10000272       7c     2         /Users/robinonsay/rust/rustos/target/thumbv8m.main-none-eabihf/debug/deps/pico2-86b29d2516d57d74.2gmh8k3es22y57d57r433mrw7.05er2an.rcgu.o:(.text._RNvCs1opqryBqG0Y_5pico29reset_bssB1_)
10000272 10000272        0     1                 $t
10000273 10000273       7c     1                 pico2::reset_bss
100002ee 100002ee        c     2         /Users/robinonsay/rust/rustos/target/thumbv8m.main-none-eabihf/debug/deps/pico2-86b29d2516d57d74.2gmh8k3es22y57d57r433mrw7.05er2an.rcgu.o:(.text._RNvCs6rREvFdRhLb_7___rustc17rust_begin_unwind)
100002ee 100002ee        0     1                 $t
100002ef 100002ef        c     1                 __rustc::rust_begin_unwind
100002fa 100002fa       80     2         /Users/robinonsay/rust/rustos/target/thumbv8m.main-none-eabihf/debug/deps/pico2-86b29d2516d57d74.2qn9umykawrjghns3j228d6xm.05er2an.rcgu.o:(.text._RNvNvNtCs3Mo3VzDWASZ_4core9ub_checks23maybe_is_nonoverlapping7runtimeCs1opqryBqG0Y_5pico2)
100002fa 100002fa        0     1                 $t
100002fb 100002fb       80     1                 core::ub_checks::maybe_is_nonoverlapping::runtime
1000037a 1000037a       4a     2         /Users/robinonsay/rust/rustos/target/thumbv8m.main-none-eabihf/debug/deps/pico2-86b29d2516d57d74.5ixtm7bjqybwk2uutcrg9bnsd.05er2an.rcgu.o:(.text._RNvMNtNtCs3Mo3VzDWASZ_4core3ptr9const_ptrPu13is_aligned_toCs1opqryBqG0Y_5pico2)
1000037a 1000037a        0     1                 $t
1000037b 1000037b       4a     1                 <*const ()>::is_aligned_to
100003c4 100003c4       4e     2         /Users/robinonsay/rust/rustos/target/thumbv8m.main-none-eabihf/debug/deps/pico2-86b29d2516d57d74.abb8etpusw12suq492ufcxkyy.05er2an.rcgu.o:(.text._RNvNvNtCs3Mo3VzDWASZ_4core3ptr11write_bytes18precondition_checkCs1opqryBqG0Y_5pico2)
100003c4 100003c4        0     1                 $t
100003c5 100003c5       4e     1                 core::ptr::write_bytes::precondition_check
10000412 10000412       32     2         /Users/robinonsay/rust/rustos/target/thumbv8m.main-none-eabihf/debug/deps/pico2-86b29d2516d57d74.abb8etpusw12suq492ufcxkyy.05er2an.rcgu.o:(.text._RNvNvNtCs3Mo3VzDWASZ_4core3ptr13read_volatile18precondition_checkCs1opqryBqG0Y_5pico2)
10000412 10000412        0     1                 $t
10000413 10000413       32     1                 core::ptr::read_volatile::precondition_check
10000444 10000444       34     2         /Users/robinonsay/rust/rustos/target/thumbv8m.main-none-eabihf/debug/deps/pico2-86b29d2516d57d74.abb8etpusw12suq492ufcxkyy.05er2an.rcgu.o:(.text._RNvNvNtCs3Mo3VzDWASZ_4core3ptr14write_volatile18precondition_checkCs1opqryBqG0Y_5pico2)
10000444 10000444        0     1                 $t
10000445 10000445       34     1                 core::ptr::write_volatile::precondition_check
10000478 10000478       c0     2         /Users/robinonsay/rust/rustos/target/thumbv8m.main-none-eabihf/debug/deps/pico2-86b29d2516d57d74.abb8etpusw12suq492ufcxkyy.05er2an.rcgu.o:(.text._RNvNvNtCs3Mo3VzDWASZ_4core3ptr19copy_nonoverlapping18precondition_checkCs1opqryBqG0Y_5pico2)
10000478 10000478        0     1                 $t
10000479 10000479       c0     1                 core::ptr::copy_nonoverlapping::precondition_check
10000538 10000538       16     2         /Users/robinonsay/.rustup/toolchains/stable-aarch64-apple-darwin/lib/rustlib/thumbv8m.main-none-eabihf/lib/libcore-8ed364285fed311f.rlib(core-8ed364285fed311f.core.2c088511ea2688e3-cgu.0.rcgu.o):(.text.unlikely._RNvNtCs3Mo3VzDWASZ_4core9panicking14panic_nounwind)
10000538 10000538        0     1                 $t
10000539 10000539       16     1                 core::panicking::panic_nounwind
1000054e 1000054e       20     2         /Users/robinonsay/.rustup/toolchains/stable-aarch64-apple-darwin/lib/rustlib/thumbv8m.main-none-eabihf/lib/libcore-8ed364285fed311f.rlib(core-8ed364285fed311f.core.2c088511ea2688e3-cgu.0.rcgu.o):(.text.unlikely._RNvNtCs3Mo3VzDWASZ_4core9panicking18panic_nounwind_fmt)
1000054e 1000054e        0     1                 $t
1000054f 1000054f       20     1                 core::panicking::panic_nounwind_fmt
1000056e 1000056e       1c     2         /Users/robinonsay/.rustup/toolchains/stable-aarch64-apple-darwin/lib/rustlib/thumbv8m.main-none-eabihf/lib/libcore-8ed364285fed311f.rlib(core-8ed364285fed311f.core.2c088511ea2688e3-cgu.0.rcgu.o):(.text.unlikely._RNvNtCs3Mo3VzDWASZ_4core9panicking9panic_fmt)
1000056e 1000056e        0     1                 $t
1000056f 1000056f       1c     1                 core::panicking::panic_fmt
1000058a 1000058a       14     2         /Users/robinonsay/.rustup/toolchains/stable-aarch64-apple-darwin/lib/rustlib/thumbv8m.main-none-eabihf/lib/libcore-8ed364285fed311f.rlib(core-8ed364285fed311f.core.2c088511ea2688e3-cgu.0.rcgu.o):(.text.unlikely._RNvNtNtCs3Mo3VzDWASZ_4core9panicking11panic_const24panic_const_sub_overflow)
1000058a 1000058a        0     1                 $t
1000058b 1000058b       14     1                 core::panicking::panic_const::panic_const_sub_overflow
1000059e 1000059e       ae     2         /Users/robinonsay/.rustup/toolchains/stable-aarch64-apple-darwin/lib/rustlib/thumbv8m.main-none-eabihf/lib/libcompiler_builtins-7bce56505f694de9.rlib(compiler_builtins-7bce56505f694de9.compiler_builtins.cf3d97d767db3a0c-cgu.201.rcgu.o):(.text.__aeabi_memclr4)
1000059e 1000059e        0     1                 $t
1000059f 1000059f       ae     1                 __aeabi_memclr4
1000064c 1000064c      296     2         /Users/robinonsay/.rustup/toolchains/stable-aarch64-apple-darwin/lib/rustlib/thumbv8m.main-none-eabihf/lib/libcompiler_builtins-7bce56505f694de9.rlib(compiler_builtins-7bce56505f694de9.compiler_builtins.cf3d97d767db3a0c-cgu.013.rcgu.o):(.text._RNvNtCshN8u14CARpE_17compiler_builtins3mem6memcpy)
1000064c 1000064c        0     1                 $t
1000064d 1000064d      296     1                 compiler_builtins::mem::memcpy
100008e2 100008e2       9c     2         /Users/robinonsay/.rustup/toolchains/stable-aarch64-apple-darwin/lib/rustlib/thumbv8m.main-none-eabihf/lib/libcompiler_builtins-7bce56505f694de9.rlib(compiler_builtins-7bce56505f694de9.compiler_builtins.cf3d97d767db3a0c-cgu.225.rcgu.o):(.text.__aeabi_memcpy4)
100008e2 100008e2        0     1                 $t
100008e3 100008e3       9c     1                 __aeabi_memcpy4
1000097e 1000097e        2     1         . = ALIGN(4)
10000980 10000980      61c     4 .rodata
10000980 10000980      153     1         <internal>:(.rodata.str1.1)
10000ad4 10000ad4       10     4         /Users/robinonsay/rust/rustos/target/thumbv8m.main-none-eabihf/debug/deps/pico2-86b29d2516d57d74.2gmh8k3es22y57d57r433mrw7.05er2an.rcgu.o:(.rodata..Lanon.7cfe5237516fb2fb5483830499b0449f.1)
10000ad4 10000ad4       10     1                 .Lanon.7cfe5237516fb2fb5483830499b0449f.1
10000ae4 10000ae4       10     4         /Users/robinonsay/rust/rustos/target/thumbv8m.main-none-eabihf/debug/deps/pico2-86b29d2516d57d74.2gmh8k3es22y57d57r433mrw7.05er2an.rcgu.o:(.rodata..Lanon.7cfe5237516fb2fb5483830499b0449f.3)
10000ae4 10000ae4       10     1                 .Lanon.7cfe5237516fb2fb5483830499b0449f.3
10000af4 10000af4       10     4         /Users/robinonsay/rust/rustos/target/thumbv8m.main-none-eabihf/debug/deps/pico2-86b29d2516d57d74.2gmh8k3es22y57d57r433mrw7.05er2an.rcgu.o:(.rodata..Lanon.7cfe5237516fb2fb5483830499b0449f.4)
10000af4 10000af4       10     1                 .Lanon.7cfe5237516fb2fb5483830499b0449f.4
10000b04 10000b04       10     4         /Users/robinonsay/rust/rustos/target/thumbv8m.main-none-eabihf/debug/deps/pico2-86b29d2516d57d74.2gmh8k3es22y57d57r433mrw7.05er2an.rcgu.o:(.rodata..Lanon.7cfe5237516fb2fb5483830499b0449f.5)
10000b04 10000b04       10     1                 .Lanon.7cfe5237516fb2fb5483830499b0449f.5
10000b14 10000b14       10     4         /Users/robinonsay/rust/rustos/target/thumbv8m.main-none-eabihf/debug/deps/pico2-86b29d2516d57d74.2gmh8k3es22y57d57r433mrw7.05er2an.rcgu.o:(.rodata..Lanon.7cfe5237516fb2fb5483830499b0449f.6)
10000b14 10000b14       10     1                 .Lanon.7cfe5237516fb2fb5483830499b0449f.6
10000b24 10000b24       10     4         /Users/robinonsay/rust/rustos/target/thumbv8m.main-none-eabihf/debug/deps/pico2-86b29d2516d57d74.2gmh8k3es22y57d57r433mrw7.05er2an.rcgu.o:(.rodata..Lanon.7cfe5237516fb2fb5483830499b0449f.7)
10000b24 10000b24       10     1                 .Lanon.7cfe5237516fb2fb5483830499b0449f.7
10000b34 10000b34       10     4         /Users/robinonsay/rust/rustos/target/thumbv8m.main-none-eabihf/debug/deps/pico2-86b29d2516d57d74.2gmh8k3es22y57d57r433mrw7.05er2an.rcgu.o:(.rodata..Lanon.7cfe5237516fb2fb5483830499b0449f.9)
10000b34 10000b34       10     1                 .Lanon.7cfe5237516fb2fb5483830499b0449f.9
10000b44 10000b44       3d     1         /Users/robinonsay/rust/rustos/target/thumbv8m.main-none-eabihf/debug/deps/pico2-86b29d2516d57d74.2qn9umykawrjghns3j228d6xm.05er2an.rcgu.o:(.rodata..Lanon.d27e68d338243c8584bffff20cbe58d6.0)
10000b44 10000b44       3d     1                 .Lanon.d27e68d338243c8584bffff20cbe58d6.0
10000b81 10000b81       2a     1         /Users/robinonsay/rust/rustos/target/thumbv8m.main-none-eabihf/debug/deps/pico2-86b29d2516d57d74.5ixtm7bjqybwk2uutcrg9bnsd.05er2an.rcgu.o:(.rodata..Lanon.73a8768444fa2ba08349558475c74e21.0)
10000b81 10000b81       2a     1                 .Lanon.73a8768444fa2ba08349558475c74e21.0
10000bac 10000bac       10     4         /Users/robinonsay/rust/rustos/target/thumbv8m.main-none-eabihf/debug/deps/pico2-86b29d2516d57d74.5ixtm7bjqybwk2uutcrg9bnsd.05er2an.rcgu.o:(.rodata..Lanon.73a8768444fa2ba08349558475c74e21.2)
10000bac 10000bac       10     1                 .Lanon.73a8768444fa2ba08349558475c74e21.2
10000bbc 10000bbc       e4     1         /Users/robinonsay/rust/rustos/target/thumbv8m.main-none-eabihf/debug/deps/pico2-86b29d2516d57d74.abb8etpusw12suq492ufcxkyy.05er2an.rcgu.o:(.rodata..Lanon.9c471b3693c0e460717c50419b3f7305.0)
10000bbc 10000bbc       e4     1                 .Lanon.9c471b3693c0e460717c50419b3f7305.0
10000ca0 10000ca0       d6     1         /Users/robinonsay/rust/rustos/target/thumbv8m.main-none-eabihf/debug/deps/pico2-86b29d2516d57d74.abb8etpusw12suq492ufcxkyy.05er2an.rcgu.o:(.rodata..Lanon.9c471b3693c0e460717c50419b3f7305.1)
10000ca0 10000ca0       d6     1                 .Lanon.9c471b3693c0e460717c50419b3f7305.1
10000d76 10000d76       d7     1         /Users/robinonsay/rust/rustos/target/thumbv8m.main-none-eabihf/debug/deps/pico2-86b29d2516d57d74.abb8etpusw12suq492ufcxkyy.05er2an.rcgu.o:(.rodata..Lanon.9c471b3693c0e460717c50419b3f7305.2)
10000d76 10000d76       d7     1                 .Lanon.9c471b3693c0e460717c50419b3f7305.2
10000e4d 10000e4d      11b     1         /Users/robinonsay/rust/rustos/target/thumbv8m.main-none-eabihf/debug/deps/pico2-86b29d2516d57d74.abb8etpusw12suq492ufcxkyy.05er2an.rcgu.o:(.rodata..Lanon.9c471b3693c0e460717c50419b3f7305.3)
10000e4d 10000e4d      11b     1                 .Lanon.9c471b3693c0e460717c50419b3f7305.3
10000f68 10000f68       10     4         /Users/robinonsay/.rustup/toolchains/stable-aarch64-apple-darwin/lib/rustlib/thumbv8m.main-none-eabihf/lib/libcore-8ed364285fed311f.rlib(core-8ed364285fed311f.core.2c088511ea2688e3-cgu.0.rcgu.o):(.rodata..Lanon.3ab587746965ea487671b64d29c5e63b.188)
10000f68 10000f68       10     1                 .Lanon.3ab587746965ea487671b64d29c5e63b.188
10000f78 10000f78       21     1         /Users/robinonsay/.rustup/toolchains/stable-aarch64-apple-darwin/lib/rustlib/thumbv8m.main-none-eabihf/lib/libcore-8ed364285fed311f.rlib(core-8ed364285fed311f.core.2c088511ea2688e3-cgu.0.rcgu.o):(.rodata..Lanon.3ab587746965ea487671b64d29c5e63b.227)
10000f78 10000f78       21     1                 .Lanon.3ab587746965ea487671b64d29c5e63b.227
10000f99 10000f99        3     1         . = ALIGN(4)
20000000 10000f9c        4     4 .data
20000000 10000f9c        0     1         __sdata = .
20000000 10000f9c        4     4         /Users/robinonsay/rust/rustos/target/thumbv8m.main-none-eabihf/debug/deps/pico2-86b29d2516d57d74.2gmh8k3es22y57d57r433mrw7.05er2an.rcgu.o:(.data.DATA_TEST)
20000000 10000f9c        4     1                 DATA_TEST
20000004 10000fa0        0     1         . = ALIGN(4)
20000004 10000fa0        0     1         __edata = .
20000004 10000fa0        0     1 __sidata = LOADADDR(.data)
20000004 20000004       10     4 .bss
20000004 20000004        0     1         __sbss = .
20000004 20000004       10     4         /Users/robinonsay/rust/rustos/target/thumbv8m.main-none-eabihf/debug/deps/pico2-86b29d2516d57d74.2gmh8k3es22y57d57r433mrw7.05er2an.rcgu.o:(.bss.BSS_TEST)
20000004 20000004       10     1                 BSS_TEST
20000014 20000014        0     1         . = ALIGN(4)
20000014 20000014        0     1         __ebss = .
20000018 20000018     2000     8 .stack
20000018 20000018     2000     1         . = . + _min_stack_size
20002018 20002018        0     1 _stack_top = ORIGIN(RAM) + LENGTH(RAM)
20002018 20002018        0     1 
20002018 20002018        0     1 
20002018 20002018        0     1 
20002018 20002018        0     1 
20002018 20002018        0     1 
       0        0     14b7     1 .debug_abbrev
       0        0      21b     1         /Users/robinonsay/rust/rustos/target/thumbv8m.main-none-eabihf/debug/deps/pico2-86b29d2516d57d74.2gmh8k3es22y57d57r433mrw7.05er2an.rcgu.o:(.debug_abbrev)
     21b      21b      173     1         /Users/robinonsay/rust/rustos/target/thumbv8m.main-none-eabihf/debug/deps/pico2-86b29d2516d57d74.2qn9umykawrjghns3j228d6xm.05er2an.rcgu.o:(.debug_abbrev)
     38e      38e       5e     1         /Users/robinonsay/rust/rustos/target/thumbv8m.main-none-eabihf/debug/deps/pico2-86b29d2516d57d74.5ixtm7bjqybwk2uutcrg9bnsd.05er2an.rcgu.o:(.debug_abbrev)
     3ec      3ec      148     1         /Users/robinonsay/rust/rustos/target/thumbv8m.main-none-eabihf/debug/deps/pico2-86b29d2516d57d74.abb8etpusw12suq492ufcxkyy.05er2an.rcgu.o:(.debug_abbrev)
     534      534       2e     1         /Users/robinonsay/rust/rustos/target/thumbv8m.main-none-eabihf/debug/deps/pico2-86b29d2516d57d74.dq6oc81negpnxwjbqg5bmjseb.05er2an.rcgu.o:(.debug_abbrev)
     562      562      312     1         /Users/robinonsay/.rustup/toolchains/stable-aarch64-apple-darwin/lib/rustlib/thumbv8m.main-none-eabihf/lib/libcore-8ed364285fed311f.rlib(core-8ed364285fed311f.core.2c088511ea2688e3-cgu.0.rcgu.o):(.debug_abbrev)
     874      874       5b     1         /Users/robinonsay/.rustup/toolchains/stable-aarch64-apple-darwin/lib/rustlib/thumbv8m.main-none-eabihf/lib/libcompiler_builtins-7bce56505f694de9.rlib(compiler_builtins-7bce56505f694de9.compiler_builtins.cf3d97d767db3a0c-cgu.113.rcgu.o):(.debug_abbrev)
     8cf      8cf       2e     1         /Users/robinonsay/.rustup/toolchains/stable-aarch64-apple-darwin/lib/rustlib/thumbv8m.main-none-eabihf/lib/libcompiler_builtins-7bce56505f694de9.rlib(compiler_builtins-7bce56505f694de9.compiler_builtins.cf3d97d767db3a0c-cgu.171.rcgu.o):(.debug_abbrev)
     8fd      8fd      14c     1         /Users/robinonsay/.rustup/toolchains/stable-aarch64-apple-darwin/lib/rustlib/thumbv8m.main-none-eabihf/lib/libcompiler_builtins-7bce56505f694de9.rlib(compiler_builtins-7bce56505f694de9.compiler_builtins.cf3d97d767db3a0c-cgu.003.rcgu.o):(.debug_abbrev)
     a49      a49       9f     1         /Users/robinonsay/.rustup/toolchains/stable-aarch64-apple-darwin/lib/rustlib/thumbv8m.main-none-eabihf/lib/libcompiler_builtins-7bce56505f694de9.rlib(compiler_builtins-7bce56505f694de9.compiler_builtins.cf3d97d767db3a0c-cgu.196.rcgu.o):(.debug_abbrev)
     ae8      ae8       b2     1         /Users/robinonsay/.rustup/toolchains/stable-aarch64-apple-darwin/lib/rustlib/thumbv8m.main-none-eabihf/lib/libcompiler_builtins-7bce56505f694de9.rlib(compiler_builtins-7bce56505f694de9.compiler_builtins.cf3d97d767db3a0c-cgu.201.rcgu.o):(.debug_abbrev)
     b9a      b9a       5f     1         /Users/robinonsay/.rustup/toolchains/stable-aarch64-apple-darwin/lib/rustlib/thumbv8m.main-none-eabihf/lib/libcompiler_builtins-7bce56505f694de9.rlib(compiler_builtins-7bce56505f694de9.compiler_builtins.cf3d97d767db3a0c-cgu.210.rcgu.o):(.debug_abbrev)
     bf9      bf9      131     1         /Users/robinonsay/.rustup/toolchains/stable-aarch64-apple-darwin/lib/rustlib/thumbv8m.main-none-eabihf/lib/libcompiler_builtins-7bce56505f694de9.rlib(compiler_builtins-7bce56505f694de9.compiler_builtins.cf3d97d767db3a0c-cgu.013.rcgu.o):(.debug_abbrev)
     d2a      d2a       7d     1         /Users/robinonsay/.rustup/toolchains/stable-aarch64-apple-darwin/lib/rustlib/thumbv8m.main-none-eabihf/lib/libcompiler_builtins-7bce56505f694de9.rlib(compiler_builtins-7bce56505f694de9.compiler_builtins.cf3d97d767db3a0c-cgu.225.rcgu.o):(.debug_abbrev)
     da7      da7       c5     1         /Users/robinonsay/.rustup/toolchains/stable-aarch64-apple-darwin/lib/rustlib/thumbv8m.main-none-eabihf/lib/libcompiler_builtins-7bce56505f694de9.rlib(compiler_builtins-7bce56505f694de9.compiler_builtins.cf3d97d767db3a0c-cgu.275.rcgu.o):(.debug_abbrev)
     e6c      e6c       2e     1         /Users/robinonsay/.rustup/toolchains/stable-aarch64-apple-darwin/lib/rustlib/thumbv8m.main-none-eabihf/lib/libcompiler_builtins-7bce56505f694de9.rlib(compiler_builtins-7bce56505f694de9.compiler_builtins.cf3d97d767db3a0c-cgu.280.rcgu.o):(.debug_abbrev)
     e9a      e9a      166     1         /Users/robinonsay/.rustup/toolchains/stable-aarch64-apple-darwin/lib/rustlib/thumbv8m.main-none-eabihf/lib/libcompiler_builtins-7bce56505f694de9.rlib(compiler_builtins-7bce56505f694de9.compiler_builtins.cf3d97d767db3a0c-cgu.000.rcgu.o):(.debug_abbrev)
    1000     1000       9b     1         /Users/robinonsay/.rustup/toolchains/stable-aarch64-apple-darwin/lib/rustlib/thumbv8m.main-none-eabihf/lib/libcompiler_builtins-7bce56505f694de9.rlib(compiler_builtins-7bce56505f694de9.compiler_builtins.cf3d97d767db3a0c-cgu.288.rcgu.o):(.debug_abbrev)
    109b     109b       9b     1         /Users/robinonsay/.rustup/toolchains/stable-aarch64-apple-darwin/lib/rustlib/thumbv8m.main-none-eabihf/lib/libcompiler_builtins-7bce56505f694de9.rlib(compiler_builtins-7bce56505f694de9.compiler_builtins.cf3d97d767db3a0c-cgu.308.rcgu.o):(.debug_abbrev)
    1136     1136       af     1         /Users/robinonsay/.rustup/toolchains/stable-aarch64-apple-darwin/lib/rustlib/thumbv8m.main-none-eabihf/lib/libcompiler_builtins-7bce56505f694de9.rlib(compiler_builtins-7bce56505f694de9.compiler_builtins.cf3d97d767db3a0c-cgu.322.rcgu.o):(.debug_abbrev)
    11e5     11e5       c5     1         /Users/robinonsay/.rustup/toolchains/stable-aarch64-apple-darwin/lib/rustlib/thumbv8m.main-none-eabihf/lib/libcompiler_builtins-7bce56505f694de9.rlib(compiler_builtins-7bce56505f694de9.compiler_builtins.cf3d97d767db3a0c-cgu.413.rcgu.o):(.debug_abbrev)
    12aa     12aa       e0     1         /Users/robinonsay/.rustup/toolchains/stable-aarch64-apple-darwin/lib/rustlib/thumbv8m.main-none-eabihf/lib/libcompiler_builtins-7bce56505f694de9.rlib(compiler_builtins-7bce56505f694de9.compiler_builtins.cf3d97d767db3a0c-cgu.415.rcgu.o):(.debug_abbrev)
    138a     138a       5f     1         /Users/robinonsay/.rustup/toolchains/stable-aarch64-apple-darwin/lib/rustlib/thumbv8m.main-none-eabihf/lib/libcompiler_builtins-7bce56505f694de9.rlib(compiler_builtins-7bce56505f694de9.compiler_builtins.cf3d97d767db3a0c-cgu.346.rcgu.o):(.debug_abbrev)
    13e9     13e9       ce     1         /Users/robinonsay/.rustup/toolchains/stable-aarch64-apple-darwin/lib/rustlib/thumbv8m.main-none-eabihf/lib/libcompiler_builtins-7bce56505f694de9.rlib(compiler_builtins-7bce56505f694de9.compiler_builtins.cf3d97d767db3a0c-cgu.020.rcgu.o):(.debug_abbrev)
       0        0    2961f     1 .debug_info
       0        0      960     1         /Users/robinonsay/rust/rustos/target/thumbv8m.main-none-eabihf/debug/deps/pico2-86b29d2516d57d74.2gmh8k3es22y57d57r433mrw7.05er2an.rcgu.o:(.debug_info)
     960      960      36a     1         /Users/robinonsay/rust/rustos/target/thumbv8m.main-none-eabihf/debug/deps/pico2-86b29d2516d57d74.2qn9umykawrjghns3j228d6xm.05er2an.rcgu.o:(.debug_info)
     cca      cca       a3     1         /Users/robinonsay/rust/rustos/target/thumbv8m.main-none-eabihf/debug/deps/pico2-86b29d2516d57d74.5ixtm7bjqybwk2uutcrg9bnsd.05er2an.rcgu.o:(.debug_info)
     d6d      d6d      60a     1         /Users/robinonsay/rust/rustos/target/thumbv8m.main-none-eabihf/debug/deps/pico2-86b29d2516d57d74.abb8etpusw12suq492ufcxkyy.05er2an.rcgu.o:(.debug_info)
    1377     1377       49     1         /Users/robinonsay/rust/rustos/target/thumbv8m.main-none-eabihf/debug/deps/pico2-86b29d2516d57d74.dq6oc81negpnxwjbqg5bmjseb.05er2an.rcgu.o:(.debug_info)
    13c0     13c0    22ddf     1         /Users/robinonsay/.rustup/toolchains/stable-aarch64-apple-darwin/lib/rustlib/thumbv8m.main-none-eabihf/lib/libcore-8ed364285fed311f.rlib(core-8ed364285fed311f.core.2c088511ea2688e3-cgu.0.rcgu.o):(.debug_info)
   2419f    2419f       86     1         /Users/robinonsay/.rustup/toolchains/stable-aarch64-apple-darwin/lib/rustlib/thumbv8m.main-none-eabihf/lib/libcompiler_builtins-7bce56505f694de9.rlib(compiler_builtins-7bce56505f694de9.compiler_builtins.cf3d97d767db3a0c-cgu.113.rcgu.o):(.debug_info)
   24225    24225       51     1         /Users/robinonsay/.rustup/toolchains/stable-aarch64-apple-darwin/lib/rustlib/thumbv8m.main-none-eabihf/lib/libcompiler_builtins-7bce56505f694de9.rlib(compiler_builtins-7bce56505f694de9.compiler_builtins.cf3d97d767db3a0c-cgu.171.rcgu.o):(.debug_info)
   24276    24276     1574     1         /Users/robinonsay/.rustup/toolchains/stable-aarch64-apple-darwin/lib/rustlib/thumbv8m.main-none-eabihf/lib/libcompiler_builtins-7bce56505f694de9.rlib(compiler_builtins-7bce56505f694de9.compiler_builtins.cf3d97d767db3a0c-cgu.003.rcgu.o):(.debug_info)
   257ea    257ea      187     1         /Users/robinonsay/.rustup/toolchains/stable-aarch64-apple-darwin/lib/rustlib/thumbv8m.main-none-eabihf/lib/libcompiler_builtins-7bce56505f694de9.rlib(compiler_builtins-7bce56505f694de9.compiler_builtins.cf3d97d767db3a0c-cgu.196.rcgu.o):(.debug_info)
   25971    25971      1fb     1         /Users/robinonsay/.rustup/toolchains/stable-aarch64-apple-darwin/lib/rustlib/thumbv8m.main-none-eabihf/lib/libcompiler_builtins-7bce56505f694de9.rlib(compiler_builtins-7bce56505f694de9.compiler_builtins.cf3d97d767db3a0c-cgu.201.rcgu.o):(.debug_info)
   25b6c    25b6c       95     1         /Users/robinonsay/.rustup/toolchains/stable-aarch64-apple-darwin/lib/rustlib/thumbv8m.main-none-eabihf/lib/libcompiler_builtins-7bce56505f694de9.rlib(compiler_builtins-7bce56505f694de9.compiler_builtins.cf3d97d767db3a0c-cgu.210.rcgu.o):(.debug_info)
   25c01    25c01      c74     1         /Users/robinonsay/.rustup/toolchains/stable-aarch64-apple-darwin/lib/rustlib/thumbv8m.main-none-eabihf/lib/libcompiler_builtins-7bce56505f694de9.rlib(compiler_builtins-7bce56505f694de9.compiler_builtins.cf3d97d767db3a0c-cgu.013.rcgu.o):(.debug_info)
   26875    26875      105     1         /Users/robinonsay/.rustup/toolchains/stable-aarch64-apple-darwin/lib/rustlib/thumbv8m.main-none-eabihf/lib/libcompiler_builtins-7bce56505f694de9.rlib(compiler_builtins-7bce56505f694de9.compiler_builtins.cf3d97d767db3a0c-cgu.225.rcgu.o):(.debug_info)
   2697a    2697a      292     1         /Users/robinonsay/.rustup/toolchains/stable-aarch64-apple-darwin/lib/rustlib/thumbv8m.main-none-eabihf/lib/libcompiler_builtins-7bce56505f694de9.rlib(compiler_builtins-7bce56505f694de9.compiler_builtins.cf3d97d767db3a0c-cgu.275.rcgu.o):(.debug_info)
   26c0c    26c0c       51     1         /Users/robinonsay/.rustup/toolchains/stable-aarch64-apple-darwin/lib/rustlib/thumbv8m.main-none-eabihf/lib/libcompiler_builtins-7bce56505f694de9.rlib(compiler_builtins-7bce56505f694de9.compiler_builtins.cf3d97d767db3a0c-cgu.280.rcgu.o):(.debug_info)
   26c5d    26c5d     19ae     1         /Users/robinonsay/.rustup/toolchains/stable-aarch64-apple-darwin/lib/rustlib/thumbv8m.main-none-eabihf/lib/libcompiler_builtins-7bce56505f694de9.rlib(compiler_builtins-7bce56505f694de9.compiler_builtins.cf3d97d767db3a0c-cgu.000.rcgu.o):(.debug_info)
   2860b    2860b      197     1         /Users/robinonsay/.rustup/toolchains/stable-aarch64-apple-darwin/lib/rustlib/thumbv8m.main-none-eabihf/lib/libcompiler_builtins-7bce56505f694de9.rlib(compiler_builtins-7bce56505f694de9.compiler_builtins.cf3d97d767db3a0c-cgu.288.rcgu.o):(.debug_info)
   287a2    287a2      1dd     1         /Users/robinonsay/.rustup/toolchains/stable-aarch64-apple-darwin/lib/rustlib/thumbv8m.main-none-eabihf/lib/libcompiler_builtins-7bce56505f694de9.rlib(compiler_builtins-7bce56505f694de9.compiler_builtins.cf3d97d767db3a0c-cgu.308.rcgu.o):(.debug_info)
   2897f    2897f      273     1         /Users/robinonsay/.rustup/toolchains/stable-aarch64-apple-darwin/lib/rustlib/thumbv8m.main-none-eabihf/lib/libcompiler_builtins-7bce56505f694de9.rlib(compiler_builtins-7bce56505f694de9.compiler_builtins.cf3d97d767db3a0c-cgu.322.rcgu.o):(.debug_info)
   28bf2    28bf2      2ad     1         /Users/robinonsay/.rustup/toolchains/stable-aarch64-apple-darwin/lib/rustlib/thumbv8m.main-none-eabihf/lib/libcompiler_builtins-7bce56505f694de9.rlib(compiler_builtins-7bce56505f694de9.compiler_builtins.cf3d97d767db3a0c-cgu.413.rcgu.o):(.debug_info)
   28e9f    28e9f      242     1         /Users/robinonsay/.rustup/toolchains/stable-aarch64-apple-darwin/lib/rustlib/thumbv8m.main-none-eabihf/lib/libcompiler_builtins-7bce56505f694de9.rlib(compiler_builtins-7bce56505f694de9.compiler_builtins.cf3d97d767db3a0c-cgu.415.rcgu.o):(.debug_info)
   290e1    290e1       a1     1         /Users/robinonsay/.rustup/toolchains/stable-aarch64-apple-darwin/lib/rustlib/thumbv8m.main-none-eabihf/lib/libcompiler_builtins-7bce56505f694de9.rlib(compiler_builtins-7bce56505f694de9.compiler_builtins.cf3d97d767db3a0c-cgu.346.rcgu.o):(.debug_info)
   29182    29182      49d     1         /Users/robinonsay/.rustup/toolchains/stable-aarch64-apple-darwin/lib/rustlib/thumbv8m.main-none-eabihf/lib/libcompiler_builtins-7bce56505f694de9.rlib(compiler_builtins-7bce56505f694de9.compiler_builtins.cf3d97d767db3a0c-cgu.020.rcgu.o):(.debug_info)
       0        0     14d0     1 .debug_aranges
       0        0       80     1         /Users/robinonsay/rust/rustos/target/thumbv8m.main-none-eabihf/debug/deps/pico2-86b29d2516d57d74.2gmh8k3es22y57d57r433mrw7.05er2an.rcgu.o:(.debug_aranges)
      80       80       20     1         /Users/robinonsay/rust/rustos/target/thumbv8m.main-none-eabihf/debug/deps/pico2-86b29d2516d57d74.2qn9umykawrjghns3j228d6xm.05er2an.rcgu.o:(.debug_aranges)
      a0       a0       20     1         /Users/robinonsay/rust/rustos/target/thumbv8m.main-none-eabihf/debug/deps/pico2-86b29d2516d57d74.5ixtm7bjqybwk2uutcrg9bnsd.05er2an.rcgu.o:(.debug_aranges)
      c0       c0       38     1         /Users/robinonsay/rust/rustos/target/thumbv8m.main-none-eabihf/debug/deps/pico2-86b29d2516d57d74.abb8etpusw12suq492ufcxkyy.05er2an.rcgu.o:(.debug_aranges)
      f8       f8       20     1         /Users/robinonsay/rust/rustos/target/thumbv8m.main-none-eabihf/debug/deps/pico2-86b29d2516d57d74.dq6oc81negpnxwjbqg5bmjseb.05er2an.rcgu.o:(.debug_aranges)
     118      118     1130     1         /Users/robinonsay/.rustup/toolchains/stable-aarch64-apple-darwin/lib/rustlib/thumbv8m.main-none-eabihf/lib/libcore-8ed364285fed311f.rlib(core-8ed364285fed311f.core.2c088511ea2688e3-cgu.0.rcgu.o):(.debug_aranges)
    1248     1248       20     1         /Users/robinonsay/.rustup/toolchains/stable-aarch64-apple-darwin/lib/rustlib/thumbv8m.main-none-eabihf/lib/libcompiler_builtins-7bce56505f694de9.rlib(compiler_builtins-7bce56505f694de9.compiler_builtins.cf3d97d767db3a0c-cgu.113.rcgu.o):(.debug_aranges)
    1268     1268       20     1         /Users/robinonsay/.rustup/toolchains/stable-aarch64-apple-darwin/lib/rustlib/thumbv8m.main-none-eabihf/lib/libcompiler_builtins-7bce56505f694de9.rlib(compiler_builtins-7bce56505f694de9.compiler_builtins.cf3d97d767db3a0c-cgu.171.rcgu.o):(.debug_aranges)
    1288     1288       38     1         /Users/robinonsay/.rustup/toolchains/stable-aarch64-apple-darwin/lib/rustlib/thumbv8m.main-none-eabihf/lib/libcompiler_builtins-7bce56505f694de9.rlib(compiler_builtins-7bce56505f694de9.compiler_builtins.cf3d97d767db3a0c-cgu.003.rcgu.o):(.debug_aranges)
    12c0     12c0       20     1         /Users/robinonsay/.rustup/toolchains/stable-aarch64-apple-darwin/lib/rustlib/thumbv8m.main-none-eabihf/lib/libcompiler_builtins-7bce56505f694de9.rlib(compiler_builtins-7bce56505f694de9.compiler_builtins.cf3d97d767db3a0c-cgu.196.rcgu.o):(.debug_aranges)
    12e0     12e0       20     1         /Users/robinonsay/.rustup/toolchains/stable-aarch64-apple-darwin/lib/rustlib/thumbv8m.main-none-eabihf/lib/libcompiler_builtins-7bce56505f694de9.rlib(compiler_builtins-7bce56505f694de9.compiler_builtins.cf3d97d767db3a0c-cgu.201.rcgu.o):(.debug_aranges)
    1300     1300       20     1         /Users/robinonsay/.rustup/toolchains/stable-aarch64-apple-darwin/lib/rustlib/thumbv8m.main-none-eabihf/lib/libcompiler_builtins-7bce56505f694de9.rlib(compiler_builtins-7bce56505f694de9.compiler_builtins.cf3d97d767db3a0c-cgu.210.rcgu.o):(.debug_aranges)
    1320     1320       38     1         /Users/robinonsay/.rustup/toolchains/stable-aarch64-apple-darwin/lib/rustlib/thumbv8m.main-none-eabihf/lib/libcompiler_builtins-7bce56505f694de9.rlib(compiler_builtins-7bce56505f694de9.compiler_builtins.cf3d97d767db3a0c-cgu.013.rcgu.o):(.debug_aranges)
    1358     1358       20     1         /Users/robinonsay/.rustup/toolchains/stable-aarch64-apple-darwin/lib/rustlib/thumbv8m.main-none-eabihf/lib/libcompiler_builtins-7bce56505f694de9.rlib(compiler_builtins-7bce56505f694de9.compiler_builtins.cf3d97d767db3a0c-cgu.225.rcgu.o):(.debug_aranges)
    1378     1378       20     1         /Users/robinonsay/.rustup/toolchains/stable-aarch64-apple-darwin/lib/rustlib/thumbv8m.main-none-eabihf/lib/libcompiler_builtins-7bce56505f694de9.rlib(compiler_builtins-7bce56505f694de9.compiler_builtins.cf3d97d767db3a0c-cgu.275.rcgu.o):(.debug_aranges)
    1398     1398       20     1         /Users/robinonsay/.rustup/toolchains/stable-aarch64-apple-darwin/lib/rustlib/thumbv8m.main-none-eabihf/lib/libcompiler_builtins-7bce56505f694de9.rlib(compiler_builtins-7bce56505f694de9.compiler_builtins.cf3d97d767db3a0c-cgu.280.rcgu.o):(.debug_aranges)
    13b8     13b8       30     1         /Users/robinonsay/.rustup/toolchains/stable-aarch64-apple-darwin/lib/rustlib/thumbv8m.main-none-eabihf/lib/libcompiler_builtins-7bce56505f694de9.rlib(compiler_builtins-7bce56505f694de9.compiler_builtins.cf3d97d767db3a0c-cgu.000.rcgu.o):(.debug_aranges)
    13e8     13e8       20     1         /Users/robinonsay/.rustup/toolchains/stable-aarch64-apple-darwin/lib/rustlib/thumbv8m.main-none-eabihf/lib/libcompiler_builtins-7bce56505f694de9.rlib(compiler_builtins-7bce56505f694de9.compiler_builtins.cf3d97d767db3a0c-cgu.288.rcgu.o):(.debug_aranges)
    1408     1408       20     1         /Users/robinonsay/.rustup/toolchains/stable-aarch64-apple-darwin/lib/rustlib/thumbv8m.main-none-eabihf/lib/libcompiler_builtins-7bce56505f694de9.rlib(compiler_builtins-7bce56505f694de9.compiler_builtins.cf3d97d767db3a0c-cgu.308.rcgu.o):(.debug_aranges)
    1428     1428       20     1         /Users/robinonsay/.rustup/toolchains/stable-aarch64-apple-darwin/lib/rustlib/thumbv8m.main-none-eabihf/lib/libcompiler_builtins-7bce56505f694de9.rlib(compiler_builtins-7bce56505f694de9.compiler_builtins.cf3d97d767db3a0c-cgu.322.rcgu.o):(.debug_aranges)
    1448     1448       20     1         /Users/robinonsay/.rustup/toolchains/stable-aarch64-apple-darwin/lib/rustlib/thumbv8m.main-none-eabihf/lib/libcompiler_builtins-7bce56505f694de9.rlib(compiler_builtins-7bce56505f694de9.compiler_builtins.cf3d97d767db3a0c-cgu.413.rcgu.o):(.debug_aranges)
    1468     1468       20     1         /Users/robinonsay/.rustup/toolchains/stable-aarch64-apple-darwin/lib/rustlib/thumbv8m.main-none-eabihf/lib/libcompiler_builtins-7bce56505f694de9.rlib(compiler_builtins-7bce56505f694de9.compiler_builtins.cf3d97d767db3a0c-cgu.415.rcgu.o):(.debug_aranges)
    1488     1488       20     1         /Users/robinonsay/.rustup/toolchains/stable-aarch64-apple-darwin/lib/rustlib/thumbv8m.main-none-eabihf/lib/libcompiler_builtins-7bce56505f694de9.rlib(compiler_builtins-7bce56505f694de9.compiler_builtins.cf3d97d767db3a0c-cgu.346.rcgu.o):(.debug_aranges)
    14a8     14a8       28     1         /Users/robinonsay/.rustup/toolchains/stable-aarch64-apple-darwin/lib/rustlib/thumbv8m.main-none-eabihf/lib/libcompiler_builtins-7bce56505f694de9.rlib(compiler_builtins-7bce56505f694de9.compiler_builtins.cf3d97d767db3a0c-cgu.020.rcgu.o):(.debug_aranges)
       0        0    13020     1 .debug_ranges
       0        0       c8     1         /Users/robinonsay/rust/rustos/target/thumbv8m.main-none-eabihf/debug/deps/pico2-86b29d2516d57d74.2gmh8k3es22y57d57r433mrw7.05er2an.rcgu.o:(.debug_ranges)
      c8       c8       30     1         /Users/robinonsay/rust/rustos/target/thumbv8m.main-none-eabihf/debug/deps/pico2-86b29d2516d57d74.2qn9umykawrjghns3j228d6xm.05er2an.rcgu.o:(.debug_ranges)
      f8       f8       88     1         /Users/robinonsay/rust/rustos/target/thumbv8m.main-none-eabihf/debug/deps/pico2-86b29d2516d57d74.abb8etpusw12suq492ufcxkyy.05er2an.rcgu.o:(.debug_ranges)
     180      180    11270     1         /Users/robinonsay/.rustup/toolchains/stable-aarch64-apple-darwin/lib/rustlib/thumbv8m.main-none-eabihf/lib/libcore-8ed364285fed311f.rlib(core-8ed364285fed311f.core.2c088511ea2688e3-cgu.0.rcgu.o):(.debug_ranges)
   113f0    113f0       18     1         /Users/robinonsay/.rustup/toolchains/stable-aarch64-apple-darwin/lib/rustlib/thumbv8m.main-none-eabihf/lib/libcompiler_builtins-7bce56505f694de9.rlib(compiler_builtins-7bce56505f694de9.compiler_builtins.cf3d97d767db3a0c-cgu.113.rcgu.o):(.debug_ranges)
   11408    11408      818     1         /Users/robinonsay/.rustup/toolchains/stable-aarch64-apple-darwin/lib/rustlib/thumbv8m.main-none-eabihf/lib/libcompiler_builtins-7bce56505f694de9.rlib(compiler_builtins-7bce56505f694de9.compiler_builtins.cf3d97d767db3a0c-cgu.003.rcgu.o):(.debug_ranges)
   11c20    11c20       48     1         /Users/robinonsay/.rustup/toolchains/stable-aarch64-apple-darwin/lib/rustlib/thumbv8m.main-none-eabihf/lib/libcompiler_builtins-7bce56505f694de9.rlib(compiler_builtins-7bce56505f694de9.compiler_builtins.cf3d97d767db3a0c-cgu.201.rcgu.o):(.debug_ranges)
   11c68    11c68      400     1         /Users/robinonsay/.rustup/toolchains/stable-aarch64-apple-darwin/lib/rustlib/thumbv8m.main-none-eabihf/lib/libcompiler_builtins-7bce56505f694de9.rlib(compiler_builtins-7bce56505f694de9.compiler_builtins.cf3d97d767db3a0c-cgu.013.rcgu.o):(.debug_ranges)
   12068    12068       48     1         /Users/robinonsay/.rustup/toolchains/stable-aarch64-apple-darwin/lib/rustlib/thumbv8m.main-none-eabihf/lib/libcompiler_builtins-7bce56505f694de9.rlib(compiler_builtins-7bce56505f694de9.compiler_builtins.cf3d97d767db3a0c-cgu.225.rcgu.o):(.debug_ranges)
   120b0    120b0       30     1         /Users/robinonsay/.rustup/toolchains/stable-aarch64-apple-darwin/lib/rustlib/thumbv8m.main-none-eabihf/lib/libcompiler_builtins-7bce56505f694de9.rlib(compiler_builtins-7bce56505f694de9.compiler_builtins.cf3d97d767db3a0c-cgu.275.rcgu.o):(.debug_ranges)
   120e0    120e0      b90     1         /Users/robinonsay/.rustup/toolchains/stable-aarch64-apple-darwin/lib/rustlib/thumbv8m.main-none-eabihf/lib/libcompiler_builtins-7bce56505f694de9.rlib(compiler_builtins-7bce56505f694de9.compiler_builtins.cf3d97d767db3a0c-cgu.000.rcgu.o):(.debug_ranges)
   12c70    12c70       18     1         /Users/robinonsay/.rustup/toolchains/stable-aarch64-apple-darwin/lib/rustlib/thumbv8m.main-none-eabihf/lib/libcompiler_builtins-7bce56505f694de9.rlib(compiler_builtins-7bce56505f694de9.compiler_builtins.cf3d97d767db3a0c-cgu.288.rcgu.o):(.debug_ranges)
   12c88    12c88       18     1         /Users/robinonsay/.rustup/toolchains/stable-aarch64-apple-darwin/lib/rustlib/thumbv8m.main-none-eabihf/lib/libcompiler_builtins-7bce56505f694de9.rlib(compiler_builtins-7bce56505f694de9.compiler_builtins.cf3d97d767db3a0c-cgu.308.rcgu.o):(.debug_ranges)
   12ca0    12ca0       60     1         /Users/robinonsay/.rustup/toolchains/stable-aarch64-apple-darwin/lib/rustlib/thumbv8m.main-none-eabihf/lib/libcompiler_builtins-7bce56505f694de9.rlib(compiler_builtins-7bce56505f694de9.compiler_builtins.cf3d97d767db3a0c-cgu.322.rcgu.o):(.debug_ranges)
   12d00    12d00       30     1         /Users/robinonsay/.rustup/toolchains/stable-aarch64-apple-darwin/lib/rustlib/thumbv8m.main-none-eabihf/lib/libcompiler_builtins-7bce56505f694de9.rlib(compiler_builtins-7bce56505f694de9.compiler_builtins.cf3d97d767db3a0c-cgu.413.rcgu.o):(.debug_ranges)
   12d30    12d30       60     1         /Users/robinonsay/.rustup/toolchains/stable-aarch64-apple-darwin/lib/rustlib/thumbv8m.main-none-eabihf/lib/libcompiler_builtins-7bce56505f694de9.rlib(compiler_builtins-7bce56505f694de9.compiler_builtins.cf3d97d767db3a0c-cgu.415.rcgu.o):(.debug_ranges)
   12d90    12d90      290     1         /Users/robinonsay/.rustup/toolchains/stable-aarch64-apple-darwin/lib/rustlib/thumbv8m.main-none-eabihf/lib/libcompiler_builtins-7bce56505f694de9.rlib(compiler_builtins-7bce56505f694de9.compiler_builtins.cf3d97d767db3a0c-cgu.020.rcgu.o):(.debug_ranges)
       0        0    47b60     1 .debug_str
       0        0    47b60     1         <internal>:(.debug_str)
       0        0       99     1 .comment
       0        0       99     1         <internal>:(.comment)
       0        0       3a     1 .ARM.attributes
       0        0       3a     1         /Users/robinonsay/rust/rustos/target/thumbv8m.main-none-eabihf/debug/deps/pico2-86b29d2516d57d74.2gmh8k3es22y57d57r433mrw7.05er2an.rcgu.o:(.ARM.attributes)
       0        0     4e90     4 .debug_frame
       0        0      110     4         /Users/robinonsay/rust/rustos/target/thumbv8m.main-none-eabihf/debug/deps/pico2-86b29d2516d57d74.2gmh8k3es22y57d57r433mrw7.05er2an.rcgu.o:(.debug_frame)
     110      110       30     4         /Users/robinonsay/rust/rustos/target/thumbv8m.main-none-eabihf/debug/deps/pico2-86b29d2516d57d74.2qn9umykawrjghns3j228d6xm.05er2an.rcgu.o:(.debug_frame)
     140      140       30     4         /Users/robinonsay/rust/rustos/target/thumbv8m.main-none-eabihf/debug/deps/pico2-86b29d2516d57d74.5ixtm7bjqybwk2uutcrg9bnsd.05er2an.rcgu.o:(.debug_frame)
     170      170       84     4         /Users/robinonsay/rust/rustos/target/thumbv8m.main-none-eabihf/debug/deps/pico2-86b29d2516d57d74.abb8etpusw12suq492ufcxkyy.05er2an.rcgu.o:(.debug_frame)
     1f4      1f4       30     4         /Users/robinonsay/rust/rustos/target/thumbv8m.main-none-eabihf/debug/deps/pico2-86b29d2516d57d74.dq6oc81negpnxwjbqg5bmjseb.05er2an.rcgu.o:(.debug_frame)
     224      224     4738     4         /Users/robinonsay/.rustup/toolchains/stable-aarch64-apple-darwin/lib/rustlib/thumbv8m.main-none-eabihf/lib/libcore-8ed364285fed311f.rlib(core-8ed364285fed311f.core.2c088511ea2688e3-cgu.0.rcgu.o):(.debug_frame)
    495c     495c       3c     4         /Users/robinonsay/.rustup/toolchains/stable-aarch64-apple-darwin/lib/rustlib/thumbv8m.main-none-eabihf/lib/libcompiler_builtins-7bce56505f694de9.rlib(compiler_builtins-7bce56505f694de9.compiler_builtins.cf3d97d767db3a0c-cgu.113.rcgu.o):(.debug_frame)
    4998     4998       30     4         /Users/robinonsay/.rustup/toolchains/stable-aarch64-apple-darwin/lib/rustlib/thumbv8m.main-none-eabihf/lib/libcompiler_builtins-7bce56505f694de9.rlib(compiler_builtins-7bce56505f694de9.compiler_builtins.cf3d97d767db3a0c-cgu.171.rcgu.o):(.debug_frame)
    49c8     49c8       b4     4         /Users/robinonsay/.rustup/toolchains/stable-aarch64-apple-darwin/lib/rustlib/thumbv8m.main-none-eabihf/lib/libcompiler_builtins-7bce56505f694de9.rlib(compiler_builtins-7bce56505f694de9.compiler_builtins.cf3d97d767db3a0c-cgu.003.rcgu.o):(.debug_frame)
    4a7c     4a7c       38     4         /Users/robinonsay/.rustup/toolchains/stable-aarch64-apple-darwin/lib/rustlib/thumbv8m.main-none-eabihf/lib/libcompiler_builtins-7bce56505f694de9.rlib(compiler_builtins-7bce56505f694de9.compiler_builtins.cf3d97d767db3a0c-cgu.196.rcgu.o):(.debug_frame)
    4ab4     4ab4       30     4         /Users/robinonsay/.rustup/toolchains/stable-aarch64-apple-darwin/lib/rustlib/thumbv8m.main-none-eabihf/lib/libcompiler_builtins-7bce56505f694de9.rlib(compiler_builtins-7bce56505f694de9.compiler_builtins.cf3d97d767db3a0c-cgu.201.rcgu.o):(.debug_frame)
    4ae4     4ae4       30     4         /Users/robinonsay/.rustup/toolchains/stable-aarch64-apple-darwin/lib/rustlib/thumbv8m.main-none-eabihf/lib/libcompiler_builtins-7bce56505f694de9.rlib(compiler_builtins-7bce56505f694de9.compiler_builtins.cf3d97d767db3a0c-cgu.210.rcgu.o):(.debug_frame)
    4b14     4b14       b4     4         /Users/robinonsay/.rustup/toolchains/stable-aarch64-apple-darwin/lib/rustlib/thumbv8m.main-none-eabihf/lib/libcompiler_builtins-7bce56505f694de9.rlib(compiler_builtins-7bce56505f694de9.compiler_builtins.cf3d97d767db3a0c-cgu.013.rcgu.o):(.debug_frame)
    4bc8     4bc8       34     4         /Users/robinonsay/.rustup/toolchains/stable-aarch64-apple-darwin/lib/rustlib/thumbv8m.main-none-eabihf/lib/libcompiler_builtins-7bce56505f694de9.rlib(compiler_builtins-7bce56505f694de9.compiler_builtins.cf3d97d767db3a0c-cgu.225.rcgu.o):(.debug_frame)
    4bfc     4bfc       34     4         /Users/robinonsay/.rustup/toolchains/stable-aarch64-apple-darwin/lib/rustlib/thumbv8m.main-none-eabihf/lib/libcompiler_builtins-7bce56505f694de9.rlib(compiler_builtins-7bce56505f694de9.compiler_builtins.cf3d97d767db3a0c-cgu.275.rcgu.o):(.debug_frame)
    4c30     4c30       30     4         /Users/robinonsay/.rustup/toolchains/stable-aarch64-apple-darwin/lib/rustlib/thumbv8m.main-none-eabihf/lib/libcompiler_builtins-7bce56505f694de9.rlib(compiler_builtins-7bce56505f694de9.compiler_builtins.cf3d97d767db3a0c-cgu.280.rcgu.o):(.debug_frame)
    4c60     4c60       90     4         /Users/robinonsay/.rustup/toolchains/stable-aarch64-apple-darwin/lib/rustlib/thumbv8m.main-none-eabihf/lib/libcompiler_builtins-7bce56505f694de9.rlib(compiler_builtins-7bce56505f694de9.compiler_builtins.cf3d97d767db3a0c-cgu.000.rcgu.o):(.debug_frame)
    4cf0     4cf0       38     4         /Users/robinonsay/.rustup/toolchains/stable-aarch64-apple-darwin/lib/rustlib/thumbv8m.main-none-eabihf/lib/libcompiler_builtins-7bce56505f694de9.rlib(compiler_builtins-7bce56505f694de9.compiler_builtins.cf3d97d767db3a0c-cgu.288.rcgu.o):(.debug_frame)
    4d28     4d28       38     4         /Users/robinonsay/.rustup/toolchains/stable-aarch64-apple-darwin/lib/rustlib/thumbv8m.main-none-eabihf/lib/libcompiler_builtins-7bce56505f694de9.rlib(compiler_builtins-7bce56505f694de9.compiler_builtins.cf3d97d767db3a0c-cgu.308.rcgu.o):(.debug_frame)
    4d60     4d60       30     4         /Users/robinonsay/.rustup/toolchains/stable-aarch64-apple-darwin/lib/rustlib/thumbv8m.main-none-eabihf/lib/libcompiler_builtins-7bce56505f694de9.rlib(compiler_builtins-7bce56505f694de9.compiler_builtins.cf3d97d767db3a0c-cgu.322.rcgu.o):(.debug_frame)
    4d90     4d90       34     4         /Users/robinonsay/.rustup/toolchains/stable-aarch64-apple-darwin/lib/rustlib/thumbv8m.main-none-eabihf/lib/libcompiler_builtins-7bce56505f694de9.rlib(compiler_builtins-7bce56505f694de9.compiler_builtins.cf3d97d767db3a0c-cgu.413.rcgu.o):(.debug_frame)
    4dc4     4dc4       34     4         /Users/robinonsay/.rustup/toolchains/stable-aarch64-apple-darwin/lib/rustlib/thumbv8m.main-none-eabihf/lib/libcompiler_builtins-7bce56505f694de9.rlib(compiler_builtins-7bce56505f694de9.compiler_builtins.cf3d97d767db3a0c-cgu.415.rcgu.o):(.debug_frame)
    4df8     4df8       30     4         /Users/robinonsay/.rustup/toolchains/stable-aarch64-apple-darwin/lib/rustlib/thumbv8m.main-none-eabihf/lib/libcompiler_builtins-7bce56505f694de9.rlib(compiler_builtins-7bce56505f694de9.compiler_builtins.cf3d97d767db3a0c-cgu.346.rcgu.o):(.debug_frame)
    4e28     4e28       68     4         /Users/robinonsay/.rustup/toolchains/stable-aarch64-apple-darwin/lib/rustlib/thumbv8m.main-none-eabihf/lib/libcompiler_builtins-7bce56505f694de9.rlib(compiler_builtins-7bce56505f694de9.compiler_builtins.cf3d97d767db3a0c-cgu.020.rcgu.o):(.debug_frame)
       0        0    25d00     1 .debug_line
       0        0      28e     1         /Users/robinonsay/rust/rustos/target/thumbv8m.main-none-eabihf/debug/deps/pico2-86b29d2516d57d74.2gmh8k3es22y57d57r433mrw7.05er2an.rcgu.o:(.debug_line)
     28e      28e      27f     1         /Users/robinonsay/rust/rustos/target/thumbv8m.main-none-eabihf/debug/deps/pico2-86b29d2516d57d74.2qn9umykawrjghns3j228d6xm.05er2an.rcgu.o:(.debug_line)
     50d      50d       bd     1         /Users/robinonsay/rust/rustos/target/thumbv8m.main-none-eabihf/debug/deps/pico2-86b29d2516d57d74.5ixtm7bjqybwk2uutcrg9bnsd.05er2an.rcgu.o:(.debug_line)
     5ca      5ca      308     1         /Users/robinonsay/rust/rustos/target/thumbv8m.main-none-eabihf/debug/deps/pico2-86b29d2516d57d74.abb8etpusw12suq492ufcxkyy.05er2an.rcgu.o:(.debug_line)
     8d2      8d2       af     1         /Users/robinonsay/rust/rustos/target/thumbv8m.main-none-eabihf/debug/deps/pico2-86b29d2516d57d74.dq6oc81negpnxwjbqg5bmjseb.05er2an.rcgu.o:(.debug_line)
     981      981    204d3     1         /Users/robinonsay/.rustup/toolchains/stable-aarch64-apple-darwin/lib/rustlib/thumbv8m.main-none-eabihf/lib/libcore-8ed364285fed311f.rlib(core-8ed364285fed311f.core.2c088511ea2688e3-cgu.0.rcgu.o):(.debug_line)
   20e54    20e54      108     1         /Users/robinonsay/.rustup/toolchains/stable-aarch64-apple-darwin/lib/rustlib/thumbv8m.main-none-eabihf/lib/libcompiler_builtins-7bce56505f694de9.rlib(compiler_builtins-7bce56505f694de9.compiler_builtins.cf3d97d767db3a0c-cgu.113.rcgu.o):(.debug_line)
   20f5c    20f5c       70     1         /Users/robinonsay/.rustup/toolchains/stable-aarch64-apple-darwin/lib/rustlib/thumbv8m.main-none-eabihf/lib/libcompiler_builtins-7bce56505f694de9.rlib(compiler_builtins-7bce56505f694de9.compiler_builtins.cf3d97d767db3a0c-cgu.171.rcgu.o):(.debug_line)
   20fcc    20fcc     1026     1         /Users/robinonsay/.rustup/toolchains/stable-aarch64-apple-darwin/lib/rustlib/thumbv8m.main-none-eabihf/lib/libcompiler_builtins-7bce56505f694de9.rlib(compiler_builtins-7bce56505f694de9.compiler_builtins.cf3d97d767db3a0c-cgu.003.rcgu.o):(.debug_line)
   21ff2    21ff2      213     1         /Users/robinonsay/.rustup/toolchains/stable-aarch64-apple-darwin/lib/rustlib/thumbv8m.main-none-eabihf/lib/libcompiler_builtins-7bce56505f694de9.rlib(compiler_builtins-7bce56505f694de9.compiler_builtins.cf3d97d767db3a0c-cgu.196.rcgu.o):(.debug_line)
   22205    22205      310     1         /Users/robinonsay/.rustup/toolchains/stable-aarch64-apple-darwin/lib/rustlib/thumbv8m.main-none-eabihf/lib/libcompiler_builtins-7bce56505f694de9.rlib(compiler_builtins-7bce56505f694de9.compiler_builtins.cf3d97d767db3a0c-cgu.201.rcgu.o):(.debug_line)
   22515    22515       da     1         /Users/robinonsay/.rustup/toolchains/stable-aarch64-apple-darwin/lib/rustlib/thumbv8m.main-none-eabihf/lib/libcompiler_builtins-7bce56505f694de9.rlib(compiler_builtins-7bce56505f694de9.compiler_builtins.cf3d97d767db3a0c-cgu.210.rcgu.o):(.debug_line)
   225ef    225ef      bcb     1         /Users/robinonsay/.rustup/toolchains/stable-aarch64-apple-darwin/lib/rustlib/thumbv8m.main-none-eabihf/lib/libcompiler_builtins-7bce56505f694de9.rlib(compiler_builtins-7bce56505f694de9.compiler_builtins.cf3d97d767db3a0c-cgu.013.rcgu.o):(.debug_line)
   231ba    231ba      1f8     1         /Users/robinonsay/.rustup/toolchains/stable-aarch64-apple-darwin/lib/rustlib/thumbv8m.main-none-eabihf/lib/libcompiler_builtins-7bce56505f694de9.rlib(compiler_builtins-7bce56505f694de9.compiler_builtins.cf3d97d767db3a0c-cgu.225.rcgu.o):(.debug_line)
   233b2    233b2      356     1         /Users/robinonsay/.rustup/toolchains/stable-aarch64-apple-darwin/lib/rustlib/thumbv8m.main-none-eabihf/lib/libcompiler_builtins-7bce56505f694de9.rlib(compiler_builtins-7bce56505f694de9.compiler_builtins.cf3d97d767db3a0c-cgu.275.rcgu.o):(.debug_line)
   23708    23708       75     1         /Users/robinonsay/.rustup/toolchains/stable-aarch64-apple-darwin/lib/rustlib/thumbv8m.main-none-eabihf/lib/libcompiler_builtins-7bce56505f694de9.rlib(compiler_builtins-7bce56505f694de9.compiler_builtins.cf3d97d767db3a0c-cgu.280.rcgu.o):(.debug_line)
   2377d    2377d     112b     1         /Users/robinonsay/.rustup/toolchains/stable-aarch64-apple-darwin/lib/rustlib/thumbv8m.main-none-eabihf/lib/libcompiler_builtins-7bce56505f694de9.rlib(compiler_builtins-7bce56505f694de9.compiler_builtins.cf3d97d767db3a0c-cgu.000.rcgu.o):(.debug_line)
   248a8    248a8      217     1         /Users/robinonsay/.rustup/toolchains/stable-aarch64-apple-darwin/lib/rustlib/thumbv8m.main-none-eabihf/lib/libcompiler_builtins-7bce56505f694de9.rlib(compiler_builtins-7bce56505f694de9.compiler_builtins.cf3d97d767db3a0c-cgu.288.rcgu.o):(.debug_line)
   24abf    24abf      236     1         /Users/robinonsay/.rustup/toolchains/stable-aarch64-apple-darwin/lib/rustlib/thumbv8m.main-none-eabihf/lib/libcompiler_builtins-7bce56505f694de9.rlib(compiler_builtins-7bce56505f694de9.compiler_builtins.cf3d97d767db3a0c-cgu.308.rcgu.o):(.debug_line)
   24cf5    24cf5      2a0     1         /Users/robinonsay/.rustup/toolchains/stable-aarch64-apple-darwin/lib/rustlib/thumbv8m.main-none-eabihf/lib/libcompiler_builtins-7bce56505f694de9.rlib(compiler_builtins-7bce56505f694de9.compiler_builtins.cf3d97d767db3a0c-cgu.322.rcgu.o):(.debug_line)
   24f95    24f95      368     1         /Users/robinonsay/.rustup/toolchains/stable-aarch64-apple-darwin/lib/rustlib/thumbv8m.main-none-eabihf/lib/libcompiler_builtins-7bce56505f694de9.rlib(compiler_builtins-7bce56505f694de9.compiler_builtins.cf3d97d767db3a0c-cgu.413.rcgu.o):(.debug_line)
   252fd    252fd      26a     1         /Users/robinonsay/.rustup/toolchains/stable-aarch64-apple-darwin/lib/rustlib/thumbv8m.main-none-eabihf/lib/libcompiler_builtins-7bce56505f694de9.rlib(compiler_builtins-7bce56505f694de9.compiler_builtins.cf3d97d767db3a0c-cgu.415.rcgu.o):(.debug_line)
   25567    25567      12b     1         /Users/robinonsay/.rustup/toolchains/stable-aarch64-apple-darwin/lib/rustlib/thumbv8m.main-none-eabihf/lib/libcompiler_builtins-7bce56505f694de9.rlib(compiler_builtins-7bce56505f694de9.compiler_builtins.cf3d97d767db3a0c-cgu.346.rcgu.o):(.debug_line)
   25692    25692      66e     1         /Users/robinonsay/.rustup/toolchains/stable-aarch64-apple-darwin/lib/rustlib/thumbv8m.main-none-eabihf/lib/libcompiler_builtins-7bce56505f694de9.rlib(compiler_builtins-7bce56505f694de9.compiler_builtins.cf3d97d767db3a0c-cgu.020.rcgu.o):(.debug_line)
       0        0      610     4 .symtab
       0        0      610     4         <internal>:(.symtab)
       0        0       c8     1 .shstrtab
       0        0       c8     1         <internal>:(.shstrtab)
       0        0      ba9     1 .strtab
       0        0      ba9     1         <internal>:(.strtab)
